FM_TEST_BEGIN 2026-09-23T09:27:58Z tests/fm-dod-lib.test.sh family=pure-contract-unit expected_gate_skip=none
ok - scout done: is not gated
ok - unpushed ship done: is refused
ok - no-mistakes done: without checks green is gated
ok - named head on a remote-tracking ref is accepted
ok - a moved remote branch that lacks the named head is refused
ok - a 40-hex token in the note is not the named head
ok - a recorded merged PR satisfies the gate after prune
ok - the merged-PR short-circuit applies only to the recorded PR the done line names
ok - a forge-recorded head for the named PR is accepted without a local object
ok - a direct-PR recorded head does not cover a later unpushed commit
ok - no-mistakes CI-ready done: with extra text is gated
ok - keyed and spaced ship done: lines are gated
ok - local-only linked named branch is reachable from the project clone
ok - local-only detached HEAD only in the disposable copy is refused
ok - standalone local-only done: requires the named head in the project clone
ok - non-done lines are not gated
all fm-dod-lib tests passed
FM_TEST_END 2026-09-23T09:28:00Z tests/fm-dod-lib.test.sh exit=0 duration_ms=2139 gate_skip=false
FM_TEST_SUMMARY total=1 failed=0 skipped_gate=0 duration_ms=2349
FM_TEST_SUMMARY_FAMILY family=pure-contract-unit count=1 duration_ms=2139 failed=0
FM_TEST_SLOWEST rank=1 script=tests/fm-dod-lib.test.sh duration_ms=2139
EXIT 0
