FM_TEST_BEGIN 2026-09-23T09:27:58Z tests/fm-session-lock-ownership.test.sh family=watcher-wake-lock expected_gate_skip=none
ok - every mutating fleet entry point refuses a session that does not hold the home
ok - the fleet-mutation gate answers before argument validation
ok - the lock-holding session passes the fleet-mutation gate untouched
ok - a caller outside any harness session is not treated as a competing session
ok - the lock path names ownership in words, never as a bare pid
ok - a background continuation of the lock-holding session inherits the helm, and only it does
ok - an ancestry grant is reported in words and grants nothing outside that tree
ok - a dead recorded pid is reclaimed onto the continuation's own live pid
ok - the Stop auto-arm reclaims a dead recorded pid onto the session's live pid
ok - a spawned worker does not inherit the spawning session's helm
ok - the auto-arm declines silently and records no failure for a home it does not hold
ok - the turn-end guard reports a not-this-session decline once, then stops blocking
ok - two non-owning sessions in one home each report once, then both stand down
ok - a harness that sends no session id still reports the decline once per session
ok - notice records are retired only when their recorded identity is gone
ok - the decline is reported again when a different session takes the home
FM_TEST_END 2026-09-23T09:28:27Z tests/fm-session-lock-ownership.test.sh exit=0 duration_ms=29058 gate_skip=false
FM_TEST_SUMMARY total=1 failed=0 skipped_gate=0 duration_ms=29287
FM_TEST_SUMMARY_FAMILY family=watcher-wake-lock count=1 duration_ms=29058 failed=0
FM_TEST_SLOWEST rank=1 script=tests/fm-session-lock-ownership.test.sh duration_ms=29058
EXIT 0
